
> garaad@0.1.0 build
> next build --webpack

▲ Next.js 16.1.1 (webpack)
- Environments: .env.local
- Experiments (use with caution):
  ✓ optimizeCss
  · optimizePackageImports
  ✓ scrollRestoration

⚠ The "middleware" file convention is deprecated. Please use "proxy" instead. Learn more: https://nextjs.org/docs/messages/middleware-to-proxy
  Creating an optimized production build ...
✓ Compiled successfully in 109s
  Skipping validation of types
  Collecting page data using 3 workers ...
Error fetching blog pages: Error: Contentful credentials not configured. Please set CONTENTFUL_SPACE_ID and CONTENTFUL_ACCESS_TOKEN environment variables.
    at f (.next/server/chunks/31.js:1:6641)
    at g (.next/server/chunks/31.js:1:6851)
    at Object.t [as generateStaticParams] (.next/server/app/wargeys/[slug]/page.js:2:13553)
  Generating static pages using 3 workers (0/56) ...
  Generating static pages using 3 workers (14/56) 
  Generating static pages using 3 workers (28/56) 
  Generating static pages using 3 workers (42/56) 
Error fetching blog pages: Error: Contentful credentials not configured. Please set CONTENTFUL_SPACE_ID and CONTENTFUL_ACCESS_TOKEN environment variables.
    at f (.next/server/chunks/31.js:1:6641)
    at g (.next/server/chunks/31.js:1:6851)
    at C (.next/server/app/wargeys/page.js:1:4638)
    at stringify (<anonymous>)
✓ Generating static pages using 3 workers (56/56) in 9.1s
  Finalizing page optimization ...
  Collecting build traces ...

Route (app)                                                Revalidate  Expire
┌ ○ /
├ ○ /_not-found
├ ○ /about
├ ○ /admin
├ ○ /admin/casharada
├ ƒ /admin/casharada/[id]/qeybaha
├ ○ /admin/casharada/cusub
├ ○ /admin/dashboard
├ ○ /admin/koorsooyinka
├ ○ /admin/login
├ ○ /admin/muuqaalada
├ ○ /admin/qaybaha
├ ○ /admin/sualaha
├ ƒ /api/activity/update
├ ƒ /api/community/campuses
├ ƒ /api/community/campuses/[slug]
├ ƒ /api/community/campuses/[slug]/join
├ ƒ /api/community/campuses/[slug]/leave
├ ƒ /api/community/comments
├ ƒ /api/community/comments/[id]/like
├ ƒ /api/community/notifications
├ ƒ /api/community/notifications/[id]/mark_as_read
├ ƒ /api/community/notifications/mark_all_as_read
├ ƒ /api/community/posts
├ ƒ /api/community/posts/[id]
├ ƒ /api/community/posts/[id]/like
├ ƒ /api/community/profiles/leaderboard
├ ƒ /api/community/profiles/me
├ ƒ /api/community/trending/tags
├ ƒ /api/gamification/leaderboard
├ ƒ /api/gamification/status
├ ƒ /api/gamification/use_energy
├ ƒ /api/health
├ ƒ /api/league/leagues/leaderboard
├ ƒ /api/league/leagues/status
├ ƒ /api/media/[...path]
├ ƒ /api/notifications
├ ƒ /api/payment
├ ƒ /api/payment/orders
├ ƒ /api/payment/orders/[id]
├ ƒ /api/payment/orders/[id]/download_receipt
├ ƒ /api/payment/orders/[id]/receipt
├ ƒ /api/payment/orders/stats
├ ƒ /api/payment/subscription/create
├ ƒ /api/payment/success
├ ƒ /api/payment/webhook/waafi
├ ƒ /api/progress
├ ƒ /api/stripe/create-checkout-session
├ ƒ /api/stripe/success
├ ƒ /api/stripe/webhook
├ ƒ /api/test-waafipay
├ ○ /challenge
├ ○ /community
├ ○ /community-preview
├ ○ /communitypreview
├ ○ /courses
├ ƒ /courses/[categoryId]/[courseSlug]
├ ƒ /courses/[categoryId]/[courseSlug]/lessons/[lessonId]
├ ○ /dashboard
├ ○ /orders
├ ƒ /orders/[id]
├ ○ /profile
├ ○ /referrals
├ ○ /reset-password
├ ○ /robots.txt
├ ○ /sitemap.xml
├ ○ /subscribe
├ ○ /verify-email
├ ○ /wargeys                                                       1m      1y
├ ● /wargeys/[slug]
└ ○ /welcome


ƒ Proxy (Middleware)

○  (Static)   prerendered as static content
●  (SSG)      prerendered as static HTML (uses generateStaticParams)
ƒ  (Dynamic)  server-rendered on demand

